// Jest Snapshot v1, https://goo.gl/fbAQLP

exports[`When Game is loaded Game content is rendered 1`] = `
<div>
  <div>
    Board
  </div>
</div>
`;
